Fri Oct 13 23:02:49 2023
Create Relation ADR_CONTROL
Create Relation ADR_INVALIDATION
Create Relation INC_METER_IMPT_DEF
Create Relation INC_METER_PK_IMPTS
Directory does not exist for read/write [C:\oraclexe\app\oracle\product\11.2.0\server\log] []
Fri Oct 13 23:03:04 2023


***********************************************************************

Fatal NI connect error 12560, connecting to:
 (DESCRIPTION=(ADDRESS=(PROTOCOL=BEQ)(PROGRAM=oracle)(ARGV0=oracleXE)(ARGS='(DESCRIPTION=(LOCAL=YES)(ADDRESS=(PROTOCOL=beq)))'))(CONNECT_DATA=(SID=XE)(CID=(PROGRAM=C:\oraclexe\app\oracle\product\11.2.0\server\bin\sqlplus.exe)(HOST=DESKTOP-UGVAE0T)(USER=admin))))

  VERSION INFORMATION:
	TNS for 64-bit Windows: Version 11.2.0.2.0 - Production
	Oracle Bequeath NT Protocol Adapter for 64-bit Windows: Version 11.2.0.2.0 - Production
  Time: 13-OCT-2023 23:03:04
  Tracing not turned on.
  Tns error struct:
    ns main err code: 12560
    
TNS-12560: TNS:protocol adapter error
    ns secondary err code: 0
    nt main err code: 530
    
TNS-00530: Protocol adapter error
    nt secondary err code: 203
    nt OS err code: 0
Fri Oct 13 23:03:18 2023


***********************************************************************

Fatal NI connect error 12560, connecting to:
 (DESCRIPTION=(ADDRESS=(PROTOCOL=BEQ)(PROGRAM=oracle)(ARGV0=oracleXE)(ARGS='(DESCRIPTION=(LOCAL=YES)(ADDRESS=(PROTOCOL=beq)))'))(CONNECT_DATA=(SID=XE)(CID=(PROGRAM=C:\oraclexe\app\oracle\product\11.2.0\server\bin\sqlplus.exe)(HOST=DESKTOP-UGVAE0T)(USER=admin))))

  VERSION INFORMATION:
	TNS for 64-bit Windows: Version 11.2.0.2.0 - Production
	Oracle Bequeath NT Protocol Adapter for 64-bit Windows: Version 11.2.0.2.0 - Production
  Time: 13-OCT-2023 23:03:18
  Tracing not turned on.
  Tns error struct:
    ns main err code: 12560
    
TNS-12560: TNS:protocol adapter error
    ns secondary err code: 0
    nt main err code: 530
    
TNS-00530: Protocol adapter error
    nt secondary err code: 203
    nt OS err code: 0
Sat Dec 02 07:51:32 2023
Directory does not exist for read/write [C:\oraclexe\app\oracle\product\11.2.0\server\log] []
Sat Jan 13 19:05:46 2024
Directory does not exist for read/write [C:\oraclexe\app\oracle\product\11.2.0\server\log] []
Sat Jan 13 19:51:32 2024


***********************************************************************

Fatal NI connect error 12560, connecting to:
 (DESCRIPTION=(ADDRESS=(PROTOCOL=BEQ)(PROGRAM=oracle)(ARGV0=oracleXE)(ARGS='(DESCRIPTION=(LOCAL=YES)(ADDRESS=(PROTOCOL=beq)))'))(CONNECT_DATA=(SID=XE)(CID=(PROGRAM=C:\oraclexe\app\oracle\product\11.2.0\server\bin\sqlplus.exe)(HOST=DESKTOP-UGVAE0T)(USER=admin))))

  VERSION INFORMATION:
	TNS for 64-bit Windows: Version 11.2.0.2.0 - Production
	Oracle Bequeath NT Protocol Adapter for 64-bit Windows: Version 11.2.0.2.0 - Production
  Time: 13-JAN-2024 19:51:32
  Tracing not turned on.
  Tns error struct:
    ns main err code: 12560
    
TNS-12560: TNS:protocol adapter error
    ns secondary err code: 0
    nt main err code: 530
    
TNS-00530: Protocol adapter error
    nt secondary err code: 203
    nt OS err code: 0
Sat Jan 13 19:51:49 2024


***********************************************************************

Fatal NI connect error 12560, connecting to:
 (DESCRIPTION=(ADDRESS=(PROTOCOL=BEQ)(PROGRAM=oracle)(ARGV0=oracleXE)(ARGS='(DESCRIPTION=(LOCAL=YES)(ADDRESS=(PROTOCOL=beq)))'))(CONNECT_DATA=(SID=XE)(CID=(PROGRAM=C:\oraclexe\app\oracle\product\11.2.0\server\bin\sqlplus.exe)(HOST=DESKTOP-UGVAE0T)(USER=admin))))

  VERSION INFORMATION:
	TNS for 64-bit Windows: Version 11.2.0.2.0 - Production
	Oracle Bequeath NT Protocol Adapter for 64-bit Windows: Version 11.2.0.2.0 - Production
  Time: 13-JAN-2024 19:51:49
  Tracing not turned on.
  Tns error struct:
    ns main err code: 12560
    
TNS-12560: TNS:protocol adapter error
    ns secondary err code: 0
    nt main err code: 530
    
TNS-00530: Protocol adapter error
    nt secondary err code: 203
    nt OS err code: 0
Sun Dec 01 10:02:16 2024
Directory does not exist for read/write [C:\oraclexe\app\oracle\product\11.2.0\server\log] []
Sun Dec 01 10:03:39 2024


***********************************************************************

Fatal NI connect error 12560, connecting to:
 (DESCRIPTION=(ADDRESS=(PROTOCOL=BEQ)(PROGRAM=oracle)(ARGV0=oracleXE)(ARGS='(DESCRIPTION=(LOCAL=YES)(ADDRESS=(PROTOCOL=beq)))'))(CONNECT_DATA=(SID=XE)(CID=(PROGRAM=C:\oraclexe\app\oracle\product\11.2.0\server\bin\sqlplus.exe)(HOST=DESKTOP-UGVAE0T)(USER=admin))))

  VERSION INFORMATION:
	TNS for 64-bit Windows: Version 11.2.0.2.0 - Production
	Oracle Bequeath NT Protocol Adapter for 64-bit Windows: Version 11.2.0.2.0 - Production
  Time: 01-DEC-2024 10:03:39
  Tracing not turned on.
  Tns error struct:
    ns main err code: 12560
    
TNS-12560: TNS:protocol adapter error
    ns secondary err code: 0
    nt main err code: 530
    
TNS-00530: Protocol adapter error
    nt secondary err code: 233
    nt OS err code: 0
Sun Dec 01 10:03:58 2024


***********************************************************************

Fatal NI connect error 12560, connecting to:
 (DESCRIPTION=(ADDRESS=(PROTOCOL=BEQ)(PROGRAM=oracle)(ARGV0=oracleXE)(ARGS='(DESCRIPTION=(LOCAL=YES)(ADDRESS=(PROTOCOL=beq)))'))(CONNECT_DATA=(SID=XE)(CID=(PROGRAM=C:\oraclexe\app\oracle\product\11.2.0\server\bin\sqlplus.exe)(HOST=DESKTOP-UGVAE0T)(USER=admin))))

  VERSION INFORMATION:
	TNS for 64-bit Windows: Version 11.2.0.2.0 - Production
	Oracle Bequeath NT Protocol Adapter for 64-bit Windows: Version 11.2.0.2.0 - Production
  Time: 01-DEC-2024 10:03:58
  Tracing not turned on.
  Tns error struct:
    ns main err code: 12560
    
TNS-12560: TNS:protocol adapter error
    ns secondary err code: 0
    nt main err code: 530
    
TNS-00530: Protocol adapter error
    nt secondary err code: 233
    nt OS err code: 0
Sun Dec 01 10:07:41 2024


***********************************************************************

Fatal NI connect error 12560, connecting to:
 (DESCRIPTION=(ADDRESS=(PROTOCOL=BEQ)(PROGRAM=oracle)(ARGV0=oracleXE)(ARGS='(DESCRIPTION=(LOCAL=YES)(ADDRESS=(PROTOCOL=beq)))'))(CONNECT_DATA=(SID=XE)(CID=(PROGRAM=C:\oraclexe\app\oracle\product\11.2.0\server\bin\sqlplus.exe)(HOST=DESKTOP-UGVAE0T)(USER=admin))))

  VERSION INFORMATION:
	TNS for 64-bit Windows: Version 11.2.0.2.0 - Production
	Oracle Bequeath NT Protocol Adapter for 64-bit Windows: Version 11.2.0.2.0 - Production
  Time: 01-DEC-2024 10:07:41
  Tracing not turned on.
  Tns error struct:
    ns main err code: 12560
    
TNS-12560: TNS:protocol adapter error
    ns secondary err code: 0
    nt main err code: 530
    
TNS-00530: Protocol adapter error
    nt secondary err code: 233
    nt OS err code: 0
Sun Dec 01 10:09:30 2024


***********************************************************************

Fatal NI connect error 12560, connecting to:
 (DESCRIPTION=(ADDRESS=(PROTOCOL=BEQ)(PROGRAM=oracle)(ARGV0=oracleXE)(ARGS='(DESCRIPTION=(LOCAL=YES)(ADDRESS=(PROTOCOL=beq)))'))(CONNECT_DATA=(SID=XE)(CID=(PROGRAM=C:\oraclexe\app\oracle\product\11.2.0\server\bin\sqlplus.exe)(HOST=DESKTOP-UGVAE0T)(USER=admin))))

  VERSION INFORMATION:
	TNS for 64-bit Windows: Version 11.2.0.2.0 - Production
	Oracle Bequeath NT Protocol Adapter for 64-bit Windows: Version 11.2.0.2.0 - Production
  Time: 01-DEC-2024 10:09:30
  Tracing not turned on.
  Tns error struct:
    ns main err code: 12560
    
TNS-12560: TNS:protocol adapter error
    ns secondary err code: 0
    nt main err code: 530
    
TNS-00530: Protocol adapter error
    nt secondary err code: 233
    nt OS err code: 0
Sun Dec 01 10:11:18 2024
Directory does not exist for read/write [C:\oraclexe\app\oracle\product\11.2.0\server\log] []
Sun Dec 01 10:13:34 2024
Directory does not exist for read/write [C:\oraclexe\app\oracle\product\11.2.0\server\log] []
Sun Dec 01 10:15:06 2024
Directory does not exist for read/write [C:\oraclexe\app\oracle\product\11.2.0\server\log] []


***********************************************************************

Fatal NI connect error 12560, connecting to:
 (DESCRIPTION=(ADDRESS=(PROTOCOL=BEQ)(PROGRAM=oracle)(ARGV0=oracleXE)(ARGS='(DESCRIPTION=(LOCAL=YES)(ADDRESS=(PROTOCOL=beq)))'))(CONNECT_DATA=(SID=XE)(CID=(PROGRAM=C:\oraclexe\app\oracle\product\11.2.0\server\bin\sqlplus.exe)(HOST=DESKTOP-UGVAE0T)(USER=admin))))

  VERSION INFORMATION:
	TNS for 64-bit Windows: Version 11.2.0.2.0 - Production
	Oracle Bequeath NT Protocol Adapter for 64-bit Windows: Version 11.2.0.2.0 - Production
  Time: 01-DEC-2024 10:15:14
  Tracing not turned on.
  Tns error struct:
    ns main err code: 12560
    
TNS-12560: TNS:protocol adapter error
    ns secondary err code: 0
    nt main err code: 530
    
TNS-00530: Protocol adapter error
    nt secondary err code: 233
    nt OS err code: 0
Sun Dec 01 10:15:22 2024


***********************************************************************

Fatal NI connect error 12560, connecting to:
 (DESCRIPTION=(ADDRESS=(PROTOCOL=BEQ)(PROGRAM=oracle)(ARGV0=oracleXE)(ARGS='(DESCRIPTION=(LOCAL=YES)(ADDRESS=(PROTOCOL=beq)))'))(CONNECT_DATA=(SID=XE)(CID=(PROGRAM=C:\oraclexe\app\oracle\product\11.2.0\server\bin\sqlplus.exe)(HOST=DESKTOP-UGVAE0T)(USER=admin))))

  VERSION INFORMATION:
	TNS for 64-bit Windows: Version 11.2.0.2.0 - Production
	Oracle Bequeath NT Protocol Adapter for 64-bit Windows: Version 11.2.0.2.0 - Production
  Time: 01-DEC-2024 10:15:22
  Tracing not turned on.
  Tns error struct:
    ns main err code: 12560
    
TNS-12560: TNS:protocol adapter error
    ns secondary err code: 0
    nt main err code: 530
    
TNS-00530: Protocol adapter error
    nt secondary err code: 233
    nt OS err code: 0
Sun Dec 01 10:15:58 2024


***********************************************************************

Fatal NI connect error 12560, connecting to:
 (DESCRIPTION=(ADDRESS=(PROTOCOL=BEQ)(PROGRAM=oracle)(ARGV0=oracleXE)(ARGS='(DESCRIPTION=(LOCAL=YES)(ADDRESS=(PROTOCOL=beq)))'))(CONNECT_DATA=(SID=XE)(CID=(PROGRAM=C:\oraclexe\app\oracle\product\11.2.0\server\bin\sqlplus.exe)(HOST=DESKTOP-UGVAE0T)(USER=admin))))

  VERSION INFORMATION:
	TNS for 64-bit Windows: Version 11.2.0.2.0 - Production
	Oracle Bequeath NT Protocol Adapter for 64-bit Windows: Version 11.2.0.2.0 - Production
  Time: 01-DEC-2024 10:15:58
  Tracing not turned on.
  Tns error struct:
    ns main err code: 12560
    
TNS-12560: TNS:protocol adapter error
    ns secondary err code: 0
    nt main err code: 530
    
TNS-00530: Protocol adapter error
    nt secondary err code: 233
    nt OS err code: 0


***********************************************************************

Fatal NI connect error 12560, connecting to:
 (DESCRIPTION=(ADDRESS=(PROTOCOL=BEQ)(PROGRAM=oracle)(ARGV0=oracleXE)(ARGS='(DESCRIPTION=(LOCAL=YES)(ADDRESS=(PROTOCOL=beq)))'))(CONNECT_DATA=(SID=XE)(CID=(PROGRAM=C:\oraclexe\app\oracle\product\11.2.0\server\bin\sqlplus.exe)(HOST=DESKTOP-UGVAE0T)(USER=admin))))

  VERSION INFORMATION:
	TNS for 64-bit Windows: Version 11.2.0.2.0 - Production
	Oracle Bequeath NT Protocol Adapter for 64-bit Windows: Version 11.2.0.2.0 - Production
  Time: 01-DEC-2024 10:16:05
  Tracing not turned on.
  Tns error struct:
    ns main err code: 12560
    
TNS-12560: TNS:protocol adapter error
    ns secondary err code: 0
    nt main err code: 530
    
TNS-00530: Protocol adapter error
    nt secondary err code: 233
    nt OS err code: 0
Sun Dec 01 10:16:48 2024


***********************************************************************

Fatal NI connect error 12560, connecting to:
 (DESCRIPTION=(ADDRESS=(PROTOCOL=BEQ)(PROGRAM=oracle)(ARGV0=oracleXE)(ARGS='(DESCRIPTION=(LOCAL=YES)(ADDRESS=(PROTOCOL=beq)))'))(CONNECT_DATA=(SID=XE)(CID=(PROGRAM=C:\oraclexe\app\oracle\product\11.2.0\server\bin\sqlplus.exe)(HOST=DESKTOP-UGVAE0T)(USER=admin))))

  VERSION INFORMATION:
	TNS for 64-bit Windows: Version 11.2.0.2.0 - Production
	Oracle Bequeath NT Protocol Adapter for 64-bit Windows: Version 11.2.0.2.0 - Production
  Time: 01-DEC-2024 10:16:48
  Tracing not turned on.
  Tns error struct:
    ns main err code: 12560
    
TNS-12560: TNS:protocol adapter error
    ns secondary err code: 0
    nt main err code: 530
    
TNS-00530: Protocol adapter error
    nt secondary err code: 233
    nt OS err code: 0
Sun Dec 01 10:17:34 2024


***********************************************************************

Fatal NI connect error 12560, connecting to:
 (DESCRIPTION=(ADDRESS=(PROTOCOL=BEQ)(PROGRAM=oracle)(ARGV0=oracleXE)(ARGS='(DESCRIPTION=(LOCAL=YES)(ADDRESS=(PROTOCOL=beq)))'))(CONNECT_DATA=(SID=XE)(CID=(PROGRAM=C:\oraclexe\app\oracle\product\11.2.0\server\bin\sqlplus.exe)(HOST=DESKTOP-UGVAE0T)(USER=admin))))

  VERSION INFORMATION:
	TNS for 64-bit Windows: Version 11.2.0.2.0 - Production
	Oracle Bequeath NT Protocol Adapter for 64-bit Windows: Version 11.2.0.2.0 - Production
  Time: 01-DEC-2024 10:17:34
  Tracing not turned on.
  Tns error struct:
    ns main err code: 12560
    
TNS-12560: TNS:protocol adapter error
    ns secondary err code: 0
    nt main err code: 530
    
TNS-00530: Protocol adapter error
    nt secondary err code: 233
    nt OS err code: 0
Sun Dec 01 10:18:30 2024


***********************************************************************

Fatal NI connect error 12560, connecting to:
 (DESCRIPTION=(ADDRESS=(PROTOCOL=BEQ)(PROGRAM=oracle)(ARGV0=oracleXE)(ARGS='(DESCRIPTION=(LOCAL=YES)(ADDRESS=(PROTOCOL=beq)))'))(CONNECT_DATA=(SID=XE)(CID=(PROGRAM=C:\oraclexe\app\oracle\product\11.2.0\server\bin\sqlplus.exe)(HOST=DESKTOP-UGVAE0T)(USER=admin))))

  VERSION INFORMATION:
	TNS for 64-bit Windows: Version 11.2.0.2.0 - Production
	Oracle Bequeath NT Protocol Adapter for 64-bit Windows: Version 11.2.0.2.0 - Production
  Time: 01-DEC-2024 10:18:30
  Tracing not turned on.
  Tns error struct:
    ns main err code: 12560
    
TNS-12560: TNS:protocol adapter error
    ns secondary err code: 0
    nt main err code: 530
    
TNS-00530: Protocol adapter error
    nt secondary err code: 233
    nt OS err code: 0
Sun Dec 01 10:25:22 2024


***********************************************************************

Fatal NI connect error 12560, connecting to:
 (DESCRIPTION=(ADDRESS=(PROTOCOL=BEQ)(PROGRAM=oracle)(ARGV0=oracleXE)(ARGS='(DESCRIPTION=(LOCAL=YES)(ADDRESS=(PROTOCOL=beq)))'))(CONNECT_DATA=(SID=XE)(CID=(PROGRAM=C:\oraclexe\app\oracle\product\11.2.0\server\bin\sqlplus.exe)(HOST=DESKTOP-UGVAE0T)(USER=admin))))

  VERSION INFORMATION:
	TNS for 64-bit Windows: Version 11.2.0.2.0 - Production
	Oracle Bequeath NT Protocol Adapter for 64-bit Windows: Version 11.2.0.2.0 - Production
  Time: 01-DEC-2024 10:25:22
  Tracing not turned on.
  Tns error struct:
    ns main err code: 12560
    
TNS-12560: TNS:protocol adapter error
    ns secondary err code: 0
    nt main err code: 530
    
TNS-00530: Protocol adapter error
    nt secondary err code: 233
    nt OS err code: 0
Sun Dec 01 10:58:20 2024
Directory does not exist for read/write [C:\oraclexe\app\oracle\product\11.2.0\server\log] []
Sun Dec 01 10:58:31 2024


***********************************************************************

Fatal NI connect error 12560, connecting to:
 (DESCRIPTION=(ADDRESS=(PROTOCOL=BEQ)(PROGRAM=oracle)(ARGV0=oracleXE)(ARGS='(DESCRIPTION=(LOCAL=YES)(ADDRESS=(PROTOCOL=beq)))'))(CONNECT_DATA=(SID=XE)(CID=(PROGRAM=C:\oraclexe\app\oracle\product\11.2.0\server\bin\sqlplus.exe)(HOST=DESKTOP-UGVAE0T)(USER=admin))))

  VERSION INFORMATION:
	TNS for 64-bit Windows: Version 11.2.0.2.0 - Production
	Oracle Bequeath NT Protocol Adapter for 64-bit Windows: Version 11.2.0.2.0 - Production
  Time: 01-DEC-2024 10:58:31
  Tracing not turned on.
  Tns error struct:
    ns main err code: 12560
    
TNS-12560: TNS:protocol adapter error
    ns secondary err code: 0
    nt main err code: 530
    
TNS-00530: Protocol adapter error
    nt secondary err code: 233
    nt OS err code: 0


***********************************************************************

Fatal NI connect error 12560, connecting to:
 (DESCRIPTION=(ADDRESS=(PROTOCOL=BEQ)(PROGRAM=oracle)(ARGV0=oracleXE)(ARGS='(DESCRIPTION=(LOCAL=YES)(ADDRESS=(PROTOCOL=beq)))'))(CONNECT_DATA=(SID=XE)(CID=(PROGRAM=C:\oraclexe\app\oracle\product\11.2.0\server\bin\sqlplus.exe)(HOST=DESKTOP-UGVAE0T)(USER=admin))))

  VERSION INFORMATION:
	TNS for 64-bit Windows: Version 11.2.0.2.0 - Production
	Oracle Bequeath NT Protocol Adapter for 64-bit Windows: Version 11.2.0.2.0 - Production
  Time: 01-DEC-2024 10:58:38
  Tracing not turned on.
  Tns error struct:
    ns main err code: 12560
    
TNS-12560: TNS:protocol adapter error
    ns secondary err code: 0
    nt main err code: 530
    
TNS-00530: Protocol adapter error
    nt secondary err code: 233
    nt OS err code: 0
Sun Dec 01 10:58:50 2024
Directory does not exist for read/write [C:\oraclexe\app\oracle\product\11.2.0\server\log] []
Sun Dec 01 10:59:27 2024


***********************************************************************

Fatal NI connect error 12560, connecting to:
 (DESCRIPTION=(ADDRESS=(PROTOCOL=BEQ)(PROGRAM=oracle)(ARGV0=oracleXE)(ARGS='(DESCRIPTION=(LOCAL=YES)(ADDRESS=(PROTOCOL=beq)))'))(CONNECT_DATA=(SID=XE)(CID=(PROGRAM=C:\oraclexe\app\oracle\product\11.2.0\server\bin\sqlplus.exe)(HOST=DESKTOP-UGVAE0T)(USER=admin))))

  VERSION INFORMATION:
	TNS for 64-bit Windows: Version 11.2.0.2.0 - Production
	Oracle Bequeath NT Protocol Adapter for 64-bit Windows: Version 11.2.0.2.0 - Production
  Time: 01-DEC-2024 10:59:27
  Tracing not turned on.
  Tns error struct:
    ns main err code: 12560
    
TNS-12560: TNS:protocol adapter error
    ns secondary err code: 0
    nt main err code: 530
    
TNS-00530: Protocol adapter error
    nt secondary err code: 233
    nt OS err code: 0


***********************************************************************

Fatal NI connect error 12560, connecting to:
 (DESCRIPTION=(ADDRESS=(PROTOCOL=BEQ)(PROGRAM=oracle)(ARGV0=oracleXE)(ARGS='(DESCRIPTION=(LOCAL=YES)(ADDRESS=(PROTOCOL=beq)))'))(CONNECT_DATA=(SID=XE)(CID=(PROGRAM=C:\oraclexe\app\oracle\product\11.2.0\server\bin\sqlplus.exe)(HOST=DESKTOP-UGVAE0T)(USER=admin))))

  VERSION INFORMATION:
	TNS for 64-bit Windows: Version 11.2.0.2.0 - Production
	Oracle Bequeath NT Protocol Adapter for 64-bit Windows: Version 11.2.0.2.0 - Production
  Time: 01-DEC-2024 10:59:36
  Tracing not turned on.
  Tns error struct:
    ns main err code: 12560
    
TNS-12560: TNS:protocol adapter error
    ns secondary err code: 0
    nt main err code: 530
    
TNS-00530: Protocol adapter error
    nt secondary err code: 233
    nt OS err code: 0
Sun Dec 01 11:00:13 2024


***********************************************************************

Fatal NI connect error 12560, connecting to:
 (DESCRIPTION=(ADDRESS=(PROTOCOL=BEQ)(PROGRAM=oracle)(ARGV0=oracleXE)(ARGS='(DESCRIPTION=(LOCAL=YES)(ADDRESS=(PROTOCOL=beq)))'))(CONNECT_DATA=(SID=XE)(CID=(PROGRAM=C:\oraclexe\app\oracle\product\11.2.0\server\bin\sqlplus.exe)(HOST=DESKTOP-UGVAE0T)(USER=admin))))

  VERSION INFORMATION:
	TNS for 64-bit Windows: Version 11.2.0.2.0 - Production
	Oracle Bequeath NT Protocol Adapter for 64-bit Windows: Version 11.2.0.2.0 - Production
  Time: 01-DEC-2024 11:00:13
  Tracing not turned on.
  Tns error struct:
    ns main err code: 12560
    
TNS-12560: TNS:protocol adapter error
    ns secondary err code: 0
    nt main err code: 530
    
TNS-00530: Protocol adapter error
    nt secondary err code: 233
    nt OS err code: 0
Sun Dec 01 11:00:26 2024


***********************************************************************

Fatal NI connect error 12560, connecting to:
 (DESCRIPTION=(ADDRESS=(PROTOCOL=BEQ)(PROGRAM=oracle)(ARGV0=oracleXE)(ARGS='(DESCRIPTION=(LOCAL=YES)(ADDRESS=(PROTOCOL=beq)))'))(CONNECT_DATA=(SID=XE)(CID=(PROGRAM=C:\oraclexe\app\oracle\product\11.2.0\server\bin\sqlplus.exe)(HOST=DESKTOP-UGVAE0T)(USER=admin))))

  VERSION INFORMATION:
	TNS for 64-bit Windows: Version 11.2.0.2.0 - Production
	Oracle Bequeath NT Protocol Adapter for 64-bit Windows: Version 11.2.0.2.0 - Production
  Time: 01-DEC-2024 11:00:26
  Tracing not turned on.
  Tns error struct:
    ns main err code: 12560
    
TNS-12560: TNS:protocol adapter error
    ns secondary err code: 0
    nt main err code: 530
    
TNS-00530: Protocol adapter error
    nt secondary err code: 233
    nt OS err code: 0
Sun Dec 01 11:00:47 2024


***********************************************************************

Fatal NI connect error 12560, connecting to:
 (DESCRIPTION=(ADDRESS=(PROTOCOL=BEQ)(PROGRAM=oracle)(ARGV0=oracleXE)(ARGS='(DESCRIPTION=(LOCAL=YES)(ADDRESS=(PROTOCOL=beq)))'))(CONNECT_DATA=(SID=XE)(CID=(PROGRAM=C:\oraclexe\app\oracle\product\11.2.0\server\bin\sqlplus.exe)(HOST=DESKTOP-UGVAE0T)(USER=admin))))

  VERSION INFORMATION:
	TNS for 64-bit Windows: Version 11.2.0.2.0 - Production
	Oracle Bequeath NT Protocol Adapter for 64-bit Windows: Version 11.2.0.2.0 - Production
  Time: 01-DEC-2024 11:00:47
  Tracing not turned on.
  Tns error struct:
    ns main err code: 12560
    
TNS-12560: TNS:protocol adapter error
    ns secondary err code: 0
    nt main err code: 530
    
TNS-00530: Protocol adapter error
    nt secondary err code: 233
    nt OS err code: 0
Sun Dec 01 11:01:06 2024


***********************************************************************

Fatal NI connect error 12560, connecting to:
 (DESCRIPTION=(ADDRESS=(PROTOCOL=BEQ)(PROGRAM=oracle)(ARGV0=oracleXE)(ARGS='(DESCRIPTION=(LOCAL=YES)(ADDRESS=(PROTOCOL=beq)))'))(CONNECT_DATA=(SID=XE)(CID=(PROGRAM=C:\oraclexe\app\oracle\product\11.2.0\server\bin\sqlplus.exe)(HOST=DESKTOP-UGVAE0T)(USER=admin))))

  VERSION INFORMATION:
	TNS for 64-bit Windows: Version 11.2.0.2.0 - Production
	Oracle Bequeath NT Protocol Adapter for 64-bit Windows: Version 11.2.0.2.0 - Production
  Time: 01-DEC-2024 11:01:06
  Tracing not turned on.
  Tns error struct:
    ns main err code: 12560
    
TNS-12560: TNS:protocol adapter error
    ns secondary err code: 0
    nt main err code: 530
    
TNS-00530: Protocol adapter error
    nt secondary err code: 233
    nt OS err code: 0
Tue Dec 17 20:51:48 2024
Directory does not exist for read/write [C:\oraclexe\app\oracle\product\11.2.0\server\log] []
Tue Dec 17 20:51:59 2024


***********************************************************************

Fatal NI connect error 12560, connecting to:
 (DESCRIPTION=(ADDRESS=(PROTOCOL=BEQ)(PROGRAM=oracle)(ARGV0=oracleXE)(ARGS='(DESCRIPTION=(LOCAL=YES)(ADDRESS=(PROTOCOL=beq)))'))(CONNECT_DATA=(SID=XE)(CID=(PROGRAM=C:\oraclexe\app\oracle\product\11.2.0\server\bin\sqlplus.exe)(HOST=DESKTOP-UGVAE0T)(USER=admin))))

  VERSION INFORMATION:
	TNS for 64-bit Windows: Version 11.2.0.2.0 - Production
	Oracle Bequeath NT Protocol Adapter for 64-bit Windows: Version 11.2.0.2.0 - Production
  Time: 17-DEC-2024 20:51:59
  Tracing not turned on.
  Tns error struct:
    ns main err code: 12560
    
TNS-12560: TNS:protocol adapter error
    ns secondary err code: 0
    nt main err code: 530
    
TNS-00530: Protocol adapter error
    nt secondary err code: 233
    nt OS err code: 0
Tue Dec 17 20:52:11 2024


***********************************************************************

Fatal NI connect error 12560, connecting to:
 (DESCRIPTION=(ADDRESS=(PROTOCOL=BEQ)(PROGRAM=oracle)(ARGV0=oracleXE)(ARGS='(DESCRIPTION=(LOCAL=YES)(ADDRESS=(PROTOCOL=beq)))'))(CONNECT_DATA=(SID=XE)(CID=(PROGRAM=C:\oraclexe\app\oracle\product\11.2.0\server\bin\sqlplus.exe)(HOST=DESKTOP-UGVAE0T)(USER=admin))))

  VERSION INFORMATION:
	TNS for 64-bit Windows: Version 11.2.0.2.0 - Production
	Oracle Bequeath NT Protocol Adapter for 64-bit Windows: Version 11.2.0.2.0 - Production
  Time: 17-DEC-2024 20:52:11
  Tracing not turned on.
  Tns error struct:
    ns main err code: 12560
    
TNS-12560: TNS:protocol adapter error
    ns secondary err code: 0
    nt main err code: 530
    
TNS-00530: Protocol adapter error
    nt secondary err code: 233
    nt OS err code: 0
Wed Dec 18 00:03:33 2024
Directory does not exist for read/write [C:\oraclexe\app\oracle\product\11.2.0\server\log] []


***********************************************************************

Fatal NI connect error 12560, connecting to:
 (DESCRIPTION=(ADDRESS=(PROTOCOL=BEQ)(PROGRAM=oracle)(ARGV0=oracleXE)(ARGS='(DESCRIPTION=(LOCAL=YES)(ADDRESS=(PROTOCOL=beq)))'))(CONNECT_DATA=(SID=XE)(CID=(PROGRAM=C:\oraclexe\app\oracle\product\11.2.0\server\bin\sqlplus.exe)(HOST=DESKTOP-UGVAE0T)(USER=admin))))

  VERSION INFORMATION:
	TNS for 64-bit Windows: Version 11.2.0.2.0 - Production
	Oracle Bequeath NT Protocol Adapter for 64-bit Windows: Version 11.2.0.2.0 - Production
  Time: 18-DEC-2024 00:03:42
  Tracing not turned on.
  Tns error struct:
    ns main err code: 12560
    
TNS-12560: TNS:protocol adapter error
    ns secondary err code: 0
    nt main err code: 530
    
TNS-00530: Protocol adapter error
    nt secondary err code: 233
    nt OS err code: 0
